node : (node:5932) ExperimentalWarn
ing: VM Modules is an experimental 
feature and might change at any tim
e
At line:1 char:1
+ node --experimental-vm-modules no
de_modules/jest/bin/jest.js 2>&1 | 
O ...
+ ~~~~~~~~~~~~~~~~~~~~~~~~~~~~~~~~~
~~~~~~~~~~~~~~~~~~~~~~~~~~~~~~~~
    + CategoryInfo          : NotS 
   pecified: ((node:5932) Exp...n  
  ge at any time:String) [], Rem   
 oteException
    + FullyQualifiedErrorId : Nati 
   veCommandError
 
(Use `node --trace-warnings ...` to
 show where the warning was created
)
FAIL tests/qibla.test.js
  Qibla Calculator
    calculateQiblaDirection
      ÔêÜ should calculate Qibla fo
r Istanbul (2 ms)
      ÔêÜ should calculate Qibla fo
r New York
      ÔêÜ should calculate Qibla fo
r Jakarta
      ÔêÜ should calculate Qibla fo
r London (1 ms)
      ÔêÜ should calculate Qibla fo
r Tokyo
      ÔêÜ should handle being at Ka
aba location (1 ms)
      ÔêÜ should throw error for in
valid latitude (2 ms)
      ÔêÜ should throw error for in
valid longitude (1 ms)
    calculateDistanceToKaaba
      ├ù should calculate distance 
from Istanbul to Kaaba (1 ms)
      ÔêÜ should calculate distance
 from New York to Kaaba
      ÔêÜ should return 0 for Kaaba
 location
    getCompassDirection
      ÔêÜ should return N for 0┬░
      ÔêÜ should return E for 90┬░ 
(1 ms)
      ÔêÜ should return S for 180┬░
      ÔêÜ should return W for 270┬░
      ÔêÜ should return NE for 45┬░
      ÔêÜ should return SE for 135┬
░
    validateCoordinates
      ÔêÜ should validate correct c
oordinates
      ÔêÜ should reject invalid lat
itude
      ÔêÜ should reject invalid lon
gitude
      ÔêÜ should detect Kaaba locat
ion
    applyMagneticDeclination
      ÔêÜ should apply positive dec
lination
      ÔêÜ should apply negative dec
lination
      ÔêÜ should normalize to 0-360
 range

  ÔùÅ Qibla Calculator ÔÇ║ calculat
eDistanceToKaaba ÔÇ║ should calcula
te distance from Istanbul to Kaaba

    expect(received).toBeLessThan(e
xpected)

    Expected: < 2400
    Received:   2405.0666052318056

    [0m [90m 88 |[39m           
  [90m// Istanbul to Mecca is appr
oximately 2200-2300 km[39m
     [90m 89 |[39m             ex
pect(distance)[33m.[39mtoBeGreate
rThan([35m2100[39m)[33m;[39m
    [31m[1m>[22m[39m[90m 90 |
[39m             expect(distance)[
33m.[39mtoBeLessThan([35m2400[39
m)[33m;[39m
     [90m    |[39m               
               [31m[1m^[22m[39m
     [90m 91 |[39m         })[33
m;[39m
     [90m 92 |[39m
     [90m 93 |[39m         test(
[32m'should calculate distance from
 New York to Kaaba'[39m[33m,[39m
 () [33m=>[39m {[0m

      at Object.<anonymous> (tests/
qibla.test.js:90:30)

FAIL tests/prayer.test.js
  Prayer Time Calculator
    calculatePrayerTimes
      ÔêÜ should calculate prayer t
imes for Istanbul (Diyanet method) 
(3 ms)
      ÔêÜ should calculate prayer t
imes for Mecca (Umm Al-Qura method)
      ÔêÜ should calculate prayer t
imes for New York (ISNA method) (1 
ms)
      ÔêÜ should handle Hanafi vs S
hafi Asr (1 ms)
      ÔêÜ should apply manual adjus
tments (1 ms)
    calculateMonthlyPrayerTimes
      ├ù should calculate times for
 entire month (2 ms)
    getNextPrayer
      ÔêÜ should find next prayer c
orrectly
      ÔêÜ should return tomorrow Fa
jr after Isha (1 ms)
  Astronomical Calculations
    dateToJulian
      ├ù should calculate correct J
ulian Day for known date
      ÔêÜ should calculate Julian D
ay for February 19, 2026
    solarDeclination
      ÔêÜ should be near 0 at equin
oxes (1 ms)
      ÔêÜ should be maximum around 
summer solstice
    equationOfTime
      ÔêÜ should return reasonable 
values (-17 to +14 minutes)

  ÔùÅ Prayer Time Calculator ÔÇ║ ca
lculateMonthlyPrayerTimes ÔÇ║ shoul
d calculate times for entire month

    expect(received).toBe(expected)
 // Object.is equality

    Expected: "2026-02-01"
    Received: "2026-01-31"

    [0m [90m 136 |[39m
     [90m 137 |[39m             e
xpect(times)[33m.[39mtoHaveLength
([35m28[39m)[33m;[39m [90m// F
ebruary 2026 has 28 days[39m
    [31m[1m>[22m[39m[90m 138 |
[39m             expect(times[[35
m0[39m][33m.[39mdate)[33m.[39m
toBe([32m'2026-02-01'[39m)[33m;
[39m
     [90m     |[39m              
                     [31m[1m^[22
m[39m
     [90m 139 |[39m             e
xpect(times[[35m27[39m][33m.[39
mdate)[33m.[39mtoBe([32m'2026-02
-28'[39m)[33m;[39m
     [90m 140 |[39m         })[3
3m;[39m
     [90m 141 |[39m[0m

      at Object.<anonymous> (tests/
prayer.test.js:138:35)

  ÔùÅ Astronomical Calculations ÔÇ║
 dateToJulian ÔÇ║ should calculate 
correct Julian Day for known date

    expect(received).toBeCloseTo(ex
pected, precision)

    Expected: 2451545
    Received: 2451544.5

    Expected precision:    0
    Expected difference: < 0.5
    Received difference:   0.5

    [0m [90m 185 |[39m          
   [90m// January 1, 2000 at noon 
= JD 2451545.0[39m
     [90m 186 |[39m             
[36mconst[39m jd [33m=[39m dateT
oJulian([36mnew[39m [33mDate[39
m([32m'2000-01-01'[39m))[33m;[3
9m
    [31m[1m>[22m[39m[90m 187 |
[39m             expect(jd)[33m.
[39mtoBeCloseTo([35m2451545.0[39m
[33m,[39m [35m0[39m)[33m;[39m
     [90m     |[39m              
          [31m[1m^[22m[39m
     [90m 188 |[39m         })[3
3m;[39m
     [90m 189 |[39m
     [90m 190 |[39m         test(
[32m'should calculate Julian Day f
or February 19, 2026'[39m[33m,[3
9m () [33m=>[39m {[0m

      at Object.<anonymous> (tests/
prayer.test.js:187:24)

PASS tests/ramadan.test.js
  Ramadan Functions
    getRamadanStartDate
      ÔêÜ should return correct sta
rt date for Turkey 1447 (1 ms)
      ÔêÜ should return correct sta
rt date for Saudi Arabia 1447
      ÔêÜ should work with country 
code
      ÔêÜ should work with lowercas
e country name
      ÔêÜ should work with Turkish 
country name
      ÔêÜ should return null for un
known year
    getRamadanEndDate
      ÔêÜ should return correct end
 date for Turkey 1447
    getRamadanDuration
      ÔêÜ should return 30 days for
 Turkey 1447 (1 ms)
      ÔêÜ should return 29 days for
 Turkey 1446
    isRamadan
      ÔêÜ should return true for da
te in Ramadan
      ÔêÜ should return false for d
ate before Ramadan
      ÔêÜ should return false for d
ate after Ramadan
    getRamadanDay
      ÔêÜ should return 1 for first
 day of Ramadan
      ÔêÜ should return correct day
 in middle of Ramadan
      ÔêÜ should return null for da
te outside Ramadan
    getAuthorityForCountry
      ÔêÜ should return Diyanet for
 Turkey
      ÔêÜ should return Umm Al-Qura
 for Saudi Arabia
      ÔêÜ should return ISNA for US
A
    getRamadanCalendar
      ÔêÜ should generate 30-day ca
lendar for Turkey 1447 (16 ms)
      ÔêÜ should include weekday in
formation (4 ms)
    compareRamadanStartDates
      ÔêÜ should list countries sor
ted by start date
  Country Utilities
    getCountryCode
      ÔêÜ should convert Turkey to 
TR
      ÔêÜ should convert T├╝rkiye t
o TR
      ÔêÜ should convert USA variat
ions to US
      ÔêÜ should return null for un
known country
    getMethodForCountry
      ÔêÜ should return Diyanet for
 Turkey
      ÔêÜ should return ISNA for US
A
      ÔêÜ should return Umm Al-Qura
 for Saudi Arabia (1 ms)
      ÔêÜ should return Singapore f
or Indonesia

Test Suites: 2 failed, 1 passed, 3 
total
Tests:       3 failed, 63 passed, 6
6 total
Snapshots:   0 total
Time:        0.371 s, estimated 1 s
Ran all test suites.
